ApsimVersion = 7.4
Title = EXP_04_TRT28 report_harvest
           year            day       yld/acre DaysAfterSowing          openz           lint       bolls_sc        lai_max        nuptake     squarz_max
         (year)          (day)             ()          (days)         (1/m2)        (kg/ha)       (g/boll)        (m2/m2)        (kg/ha)         (1/m2)
           1978             69        452.983             150         69.937         1132.5          4.152          1.575          140.4        114.195
