ApsimVersion = 7.7
Title = Geebung_Wagga_02 outputfileHarv
           year         AntDAS         MatDAS        biomass          yield           date      stagename daysaftersowing
         (year)             ()             ()        (kg/ha)        (kg/ha)   (dd/mm/yyyy)             ()           (day)
           2002        123.000        199.000         5655.2          336.9     10/12/2002   harvest_ripe             200
