ApsimVersion = 7.8
Title = Quilinock_Wagga_05 outputfileHarv
           year         AntDAS         MatDAS        biomass          yield           date      stagename daysaftersowing
         (year)             ()             ()        (kg/ha)        (kg/ha)   (dd/mm/yyyy)             ()           (day)
           2005        100.000        169.000         8627.0         2096.5     01/12/2005   harvest_ripe             170
