ApsimVersion = 7.5
Title = Surface Organic Matter Module Test 3
            day            day           year   surfaceom_wt    surfaceom_p       fom_p(1)       fom_p(2)       fom_p(3)    labile_p(1)    labile_p(2)    labile_p(3)   unavail_p(1)   unavail_p(2)   unavail_p(3)      rock_p(1)      rock_p(2)      rock_p(3)    banded_p(1)    banded_p(2)    banded_p(3)       biom_p()        hum_p()        fom_c()        fom_n() fom_c_pool1(1) fom_c_pool1(2) fom_c_pool1(3) fom_c_pool2(1) fom_c_pool2(2) fom_c_pool2(3) fom_c_pool3(1) fom_c_pool3(2) fom_c_pool3(3) fom_n_pool1(1) fom_n_pool1(2) fom_n_pool1(3) fom_n_pool2(1) fom_n_pool2(2) fom_n_pool2(3) fom_n_pool3(1) fom_n_pool3(2) fom_n_pool3(3)
          (day)          (day)         (year)        (kg/ha)        (kg/ha)        (kg/ha)        (kg/ha)        (kg/ha)        (kg/ha)        (kg/ha)        (kg/ha)        (kg/ha)        (kg/ha)        (kg/ha)        (kg/ha)        (kg/ha)        (kg/ha)        (kg/ha)        (kg/ha)        (kg/ha)        (kg/ha)        (kg/ha)        (kg/ha)        (kg/ha)        (kg/ha)        (kg/ha)        (kg/ha)        (kg/ha)        (kg/ha)        (kg/ha)        (kg/ha)        (kg/ha)        (kg/ha)        (kg/ha)        (kg/ha)        (kg/ha)        (kg/ha)        (kg/ha)        (kg/ha)        (kg/ha)        (kg/ha)        (kg/ha)
              1              1           1988         3800.0            7.6            1.3            0.5            0.2           19.4            4.0            4.1          195.0           40.2           40.8            0.0            0.0            0.0            0.0            0.0            0.0            8.7          739.4          380.5           19.0           46.4           17.1            6.3          180.3           66.3           24.4           26.4            9.7            3.6            2.3            0.9            0.3            9.0            3.3            1.2            1.3            0.5            0.2
              2              2           1988         3600.0            7.2            1.2            0.4            0.2           19.3            4.0            4.1          195.0           40.2           40.8            0.0            0.0            0.0            0.0            0.0            0.0            9.3          739.4          361.5           18.1           40.0           14.8            5.4          174.1           64.1           23.6           26.3            9.7            3.6            2.0            0.7            0.3            8.7            3.2            1.2            1.3            0.5            0.2
              3              3           1988         3400.0            6.8            1.1            0.4            0.2           19.2            4.0            4.1          195.0           40.2           40.8            0.0            0.0            0.0            0.0            0.0            0.0            9.9          739.4          343.2           17.2           34.2           12.7            4.7          167.8           61.8           22.8           26.1            9.6            3.5            1.7            0.6            0.2            8.4            3.1            1.1            1.3            0.5            0.2
              4              4           1988         3200.0            6.4            1.1            0.4            0.1           19.1            4.0            4.1          195.0           40.2           40.8            0.0            0.0            0.0            0.0            0.0            0.0           10.4          739.4          325.5           16.3           29.0           10.8            4.0          161.4           59.5           21.9           25.9            9.5            3.5            1.4            0.5            0.2            8.1            3.0            1.1            1.3            0.5            0.2
              5              5           1988         3000.0            6.0            1.0            0.4            0.1           19.1            4.0            4.1          195.0           40.2           40.8            0.0            0.0            0.0            0.0            0.0            0.0           11.0          739.5          308.8           15.4           24.4            9.1            3.4          155.0           57.2           21.1           25.7            9.5            3.5            1.2            0.5            0.2            7.8            2.9            1.1            1.3            0.5            0.2
              6              6           1988         2800.0            5.6            1.0            0.4            0.1           19.0            4.0            4.1          195.0           40.2           40.8            0.0            0.0            0.0            0.0            0.0            0.0           11.5          739.5          294.6           14.7           20.9            7.7            2.9          149.4           55.0           20.3           25.5            9.4            3.5            1.0            0.4            0.1            7.5            2.8            1.0            1.3            0.5            0.2
              7              7           1988         2600.0            5.2            0.9            0.3            0.1           18.9            4.0            4.1          195.0           40.2           40.8            0.0            0.0            0.0            0.0            0.0            0.0           12.0          739.5          282.3           14.1           18.1            6.6            2.4          144.5           53.1           19.5           25.4            9.3            3.4            0.9            0.3            0.1            7.2            2.7            1.0            1.3            0.5            0.2
              8              8           1988         2400.0            4.8            0.9            0.3            0.1           18.8            4.0            4.1          195.0           40.2           40.8            0.0            0.0            0.0            0.0            0.0            0.0           12.5          739.5          271.6           13.6           15.9            5.7            2.1          140.0           51.3           18.8           25.2            9.3            3.4            0.8            0.3            0.1            7.0            2.6            0.9            1.3            0.5            0.2
              9              9           1988         2200.0            4.4            0.9            0.3            0.1           18.8            4.0            4.1          195.0           40.2           40.8            0.0            0.0            0.0            0.0            0.0            0.0           13.0          739.5          261.9           13.1           14.0            5.0            1.8          135.8           49.6           18.1           25.1            9.2            3.4            0.7            0.2            0.1            6.8            2.5            0.9            1.3            0.5            0.2
             10             10           1988          990.0            2.0            1.5            1.0            0.8           18.7            4.0            4.1          195.0           40.2           40.8            0.0            0.0            0.0            0.0            0.0            0.0           13.4          739.6          671.9           33.6           38.0           30.2           26.8          231.2          147.7          116.6           39.5           23.7           17.9            1.9            1.5            1.3           11.6            7.4            5.8            2.0            1.2            0.9
             11             11           1988          891.0            1.8            1.5            1.0            0.8           18.7            4.0            4.0          195.0           40.2           40.8            0.0            0.0            0.0            0.0            0.0            0.0           13.8          739.6          644.8           32.2           33.4           26.8           23.3          224.2          143.6          112.8           39.3           23.6           17.8            1.7            1.3            1.2           11.2            7.2            5.6            2.0            1.2            0.9
             12             12           1988          801.9            1.6            1.4            0.9            0.7           18.7            4.0            4.0          195.0           40.2           40.8            0.0            0.0            0.0            0.0            0.0            0.0           14.1          739.6          620.1           31.0           29.3           23.9           20.3          217.3          139.7          109.2           39.1           23.5           17.7            1.5            1.2            1.0           10.9            7.0            5.5            2.0            1.2            0.9
             13             13           1988          721.7            1.4            1.4            0.9            0.7           18.7            4.0            4.0          195.0           40.2           40.8            0.0            0.0            0.0            0.0            0.0            0.0           14.4          739.6          597.4           29.9           25.8           21.4           17.9          210.7          136.0          105.9           38.8           23.4           17.6            1.3            1.1            0.9           10.5            6.8            5.3            1.9            1.2            0.9
             14             14           1988          649.5            1.3            1.3            0.9            0.7           18.7            4.0            4.0          195.0           40.2           40.8            0.0            0.0            0.0            0.0            0.0            0.0           14.7          739.6          576.4           28.8           22.6           19.2           15.8          204.3          132.5          102.8           38.6           23.3           17.5            1.1            1.0            0.8           10.2            6.6            5.1            1.9            1.2            0.9
             15             15           1988          292.3            0.6            1.3            0.8            0.7           18.7            4.0            4.0          195.0           40.2           40.8            0.0            0.0            0.0            0.0            0.0            0.0           14.8          739.6          558.1           27.9           19.8           17.3           14.3          198.0          129.3          100.4           38.4           23.2           17.4            1.0            0.9            0.7            9.9            6.5            5.0            1.9            1.2            0.9
             16             16           1988          263.1            0.5            1.2            0.8            0.6           18.7            4.0            4.0          195.0           40.2           40.8            0.0            0.0            0.0            0.0            0.0            0.0           14.9          739.6          540.8           27.0           17.4           15.7           13.0          191.9          126.2           98.0           38.2           23.1           17.4            0.9            0.8            0.6            9.6            6.3            4.9            1.9            1.2            0.9
             17             17           1988          236.8            0.5            1.2            0.8            0.6           18.7            4.0            4.0          195.0           40.2           40.8            0.0            0.0            0.0            0.0            0.0            0.0           15.1          739.6          524.3           26.2           15.3           14.2           11.7          186.0          123.2           95.8           37.9           22.9           17.3            0.8            0.7            0.6            9.3            6.2            4.8            1.9            1.1            0.9
             18             18           1988          213.1            0.4            1.2            0.8            0.6           18.8            4.0            4.0          195.0           40.2           40.8            0.0            0.0            0.0            0.0            0.0            0.0           15.2          739.6          508.6           25.4           13.4           12.8           10.6          180.3          120.2           93.5           37.7           22.8           17.2            0.7            0.6            0.5            9.0            6.0            4.7            1.9            1.1            0.9
             19             19           1988          191.8            0.4            1.1            0.8            0.6           18.8            4.0            4.0          195.0           40.2           40.8            0.0            0.0            0.0            0.0            0.0            0.0           15.3          739.6          493.6           24.7           11.7           11.5            9.6          174.8          117.3           91.3           37.5           22.7           17.1            0.6            0.6            0.5            8.7            5.9            4.6            1.9            1.1            0.9
             20             20           1988          172.6            0.3            1.1            0.7            0.6           18.8            4.0            4.0          195.0           40.2           40.8            0.0            0.0            0.0            0.0            0.0            0.0           15.4          739.6          479.3           24.0           10.3           10.4            8.7          169.4          114.4           89.2           37.3           22.6           17.1            0.5            0.5            0.4            8.5            5.7            4.5            1.9            1.1            0.9
             21             21           1988          155.3            0.3            1.1            0.7            0.6           18.9            4.0            4.0          195.0           40.2           40.8            0.0            0.0            0.0            0.0            0.0            0.0           15.4          739.6          465.7           23.3            9.0            9.4            7.9          164.2          111.6           87.1           37.1           22.5           17.0            0.5            0.5            0.4            8.2            5.6            4.4            1.9            1.1            0.8
             22             22           1988          139.8            0.3            1.0            0.7            0.5           18.9            4.0            4.0          195.0           40.2           40.8            0.0            0.0            0.0            0.0            0.0            0.0           15.5          739.6          452.6           22.6            7.9            8.5            7.2          159.1          108.8           85.0           36.8           22.4           16.9            0.4            0.4            0.4            8.0            5.4            4.2            1.8            1.1            0.8
             23             23           1988          125.8            0.3            1.0            0.7            0.5           18.9            4.0            4.0          195.0           40.2           40.8            0.0            0.0            0.0            0.0            0.0            0.0           15.6          739.6          440.1           22.0            6.9            7.6            6.5          154.2          106.1           83.0           36.6           22.3           16.8            0.3            0.4            0.3            7.7            5.3            4.1            1.8            1.1            0.8
             24             24           1988          113.2            0.2            1.0            0.7            0.5           19.0            4.0            4.0          195.0           40.2           40.8            0.0            0.0            0.0            0.0            0.0            0.0           15.6          739.6          428.1           21.4            6.1            6.9            5.9          149.5          103.5           81.0           36.4           22.2           16.7            0.3            0.3            0.3            7.5            5.2            4.0            1.8            1.1            0.8
             25             25           1988          101.9            0.2            0.9            0.6            0.5           19.0            4.0            4.0          195.0           40.2           40.8            0.0            0.0            0.0            0.0            0.0            0.0           15.7          739.5          416.6           20.8            5.3            6.2            5.3          144.9          100.9           79.0           36.2           22.1           16.7            0.3            0.3            0.3            7.2            5.0            4.0            1.8            1.1            0.8
             26             26           1988           91.7            0.2            0.9            0.6            0.5           19.0            4.0            4.0          195.0           40.2           40.8            0.0            0.0            0.0            0.0            0.0            0.0           15.7          739.5          405.5           20.3            4.7            5.6            4.8          140.4           98.4           77.1           36.0           22.0           16.6            0.2            0.3            0.2            7.0            4.9            3.9            1.8            1.1            0.8
             27             27           1988           82.6            0.2            0.9            0.6            0.5           19.1            4.0            4.0          195.0           40.2           40.8            0.0            0.0            0.0            0.0            0.0            0.0           15.8          739.5          394.9           19.7            4.1            5.0            4.3          136.1           95.9           75.3           35.8           21.9           16.5            0.2            0.3            0.2            6.8            4.8            3.8            1.8            1.1            0.8
             28             28           1988           74.3            0.1            0.9            0.6            0.5           19.1            4.0            4.0          195.0           40.2           40.8            0.0            0.0            0.0            0.0            0.0            0.0           15.8          739.5          384.7           19.2            3.6            4.5            3.9          131.9           93.5           73.4           35.6           21.8           16.4            0.2            0.2            0.2            6.6            4.7            3.7            1.8            1.1            0.8
             29             29           1988           66.9            0.1            0.8            0.6            0.5           19.2            4.0            4.0          195.0           40.2           40.8            0.0            0.0            0.0            0.0            0.0            0.0           15.8          739.5          374.8           18.7            3.2            4.0            3.5          127.9           91.1           71.7           35.4           21.7           16.4            0.2            0.2            0.2            6.4            4.6            3.6            1.8            1.1            0.8
             30             30           1988           60.2            0.1            0.8            0.6            0.4           19.2            4.0            4.0          195.0           40.2           40.8            0.0            0.0            0.0            0.0            0.0            0.0           15.9          739.5          365.3           18.3            2.8            3.6            3.2          123.9           88.8           69.9           35.2           21.6           16.3            0.1            0.2            0.2            6.2            4.4            3.5            1.8            1.1            0.8
