ApsimVersion = 7.6
Title = FSP_350 Plant2 diagnostic variables
    dd/mmm/yyyy   AccumTtemerg StageCodeValue          no3()          nh4()         urea()    surfaceom_n       biom_n()        fom_n()        hum_n()         dnit()      leach_no3    AccumPlantN AccumMineralisation     AccumDenit      AccumFert     AccumLeach    AccumDetach   DeltaSoilOMN DeltaSurfaceOMN DeltaSoilMineralN RootNSupplyUptake             eo             es       sw_dep()      dul_dep()          drain         runoff  outflow_lat()           pond        AccumEO        AccumEP        AccumES  AccumDrainage    AccumRunoff  AccumRainfall AccumIrrigation AccumOutflowLat SoilWaterDeficit  AboveGroundWt  BelowGroundWt        TotalWt     LeafDeadWt     LeafLiveWt     StemDeadWt     StemLiveWt    TuberDeadWt    TuberLiveWt     RootDeadWt     RootLiveWt    GrainLIveWt    GrainDeadWt   FloretLIveWt   FloretDeadWt   AboveGroundN   BelowGroundN         TotalN      RootLiveN      RootDeadN      LeafDeadN      LeafLiveN      StemDeadN      StemLiveN     TuberDeadN     TuberLiveN     GrainLiveN     GrainDeadN    FloretLiveN    FloretDeadN GrainLiveNconc FloretLiveNconc TuberLiveNConc  LeafLiveNConc  StemLiveNConc RootWaterSupply RootWaterUptake LeafTranspiration LeafWaterDemand      RootDepth    Cover_green      Cover_tot     Cover_dead        LeafLAI    LeafLAIDead         Height         LeafFn         LeafFw LeafPhotosynthesisFtValue LeafPhotosynthesisFvpdValue StructurePlantTotalNodeNo LeafPlantAppearedGreenLeafNo LeafExpandingCohortNo LeafAppearedCohortNo StructureTotalStemPopn LeafDeadCohortNo StructureMainStemNodeNo LeafSenescingCohortNo          sw(1)          sw(2)          sw(3)          sw(4)          sw(5)          sw(6)         no3(1)         no3(2)         no3(3)         no3(4)         no3(5)         no3(6) LeafPartitionFractionValue StemPartitionFractionValue TuberPartitionFractionValue GrainPartitionFractionValue FloretPartitionFractionValue RootPartitionFractionValue GrainMinimumNConcValue FloretMinimumNConcValue LeafMinimumNConcValue StemMinimumNConcValue TuberMinimumNConcValue GrainMaximumNConcValue FloretMaximumNConcValue LeafMaximumNConcValue StemMaximumNConcValue TuberMaximumNConcValue
  (dd/mmm/yyyy)             ()             ()        (kg/ha)        (kg/ha)        (kg/ha)        (kg/ha)        (kg/ha)        (kg/ha)        (kg/ha)        (kg/ha)        (kg/ha)             ()                  ()             ()             ()             ()             ()             ()              ()                ()                ()           (mm)           (mm)           (mm)           (mm)           (mm)           (mm)           (mm)           (mm)             ()             ()             ()             ()             ()             ()              ()              ()               ()             ()             ()             ()             ()             ()             ()             ()             ()             ()             ()             ()             ()             ()             ()             ()             ()             ()             ()             ()             ()             ()             ()             ()             ()             ()             ()             ()             ()             ()             ()             ()              ()             ()             ()             ()              ()              ()                ()              ()             ()             ()             ()             ()             ()             ()             ()             ()             ()                        ()                          ()                        ()                           ()                    ()                   ()                     ()               ()                      ()                    ()        (mm/mm)        (mm/mm)        (mm/mm)        (mm/mm)        (mm/mm)        (mm/mm)        (kg/ha)        (kg/ha)        (kg/ha)        (kg/ha)        (kg/ha)        (kg/ha)                         ()                         ()                          ()                          ()                           ()                         ()                     ()                      ()                    ()                    ()                     ()                     ()                      ()                    ()                    ()                     ()
    01/May/2000          0.000              ?          113.5            1.4            0.0            9.7          139.2           39.3        14794.9            0.0            0.0          0.000               0.000          0.000          0.000          0.000          0.000          0.000           0.000             0.000                 ?          2.099          1.352        451.648        453.000          0.000          0.000          0.000          0.000          0.000          0.000          0.000          0.000          0.000          0.000           0.000           0.000            0.000              ?              ?              ?              ?              ?              ?              ?              ?              ?              ?              ?              ?              ?              ?              ?              ?              ?              ?              ?              ?              ?              ?              ?              ?              ?              ?              ?              ?              ?              ?              ?               ?              ?          0.000              ?               ?               ?                 ?               ?              ?              ?              ?              ?              ?              ?              ?              ?              ?                         ?                           ?                         ?                            ?                     ?                    ?                      ?                ?                       ?                     ?          0.323          0.326          0.310          0.270          0.300          0.300           39.8           53.5            5.0            5.0            5.0            5.0                          ?                          ?                           ?                           ?                            ?                          ?                      ?                       ?                     ?                     ?                      ?                      ?                       ?                     ?                     ?                      ?
