ApsimVersion = 7.10
Title = GreenethorpePhen19TOS1CvHallmarkXT outputfile Harvest
    HarvestDate        SowDate          yield        biomass     root_depth         MaxLAI  FloralInitDAS   FloweringDAS    MaturityDAS        density       cultivar            TOS           site
   (dd/mm/yyyy)             ()        (kg/ha)        (kg/ha)           (mm)             ()         (days)         (days)          (day)             ()             ()             ()             ()
     16/10/2019     18/04/2019         2092.7         4124.7       1000.000          2.655             97            102            181        120.000     hallmarkxt           tos1  greenethorpe2
