ApsimVersion = 7.10
Title = Millmerran19TOS3CvHallmarkXT outputfile Harvest
    HarvestDate        SowDate          yield        biomass     root_depth         MaxLAI  FloralInitDAS   FloweringDAS    MaturityDAS        density       cultivar            TOS           site
   (dd/mm/yyyy)             ()        (kg/ha)        (kg/ha)           (mm)             ()         (days)         (days)          (day)             ()             ()             ()             ()
     29/10/2019     15/07/2019          858.2         2357.4       1485.209          1.207             62             64            106         52.000     hallmarkxt           tos3     millmerran
