ApsimVersion = 7.10
Title = Millmerran19TOS2CvHallmarkXT outputfile Harvest
    HarvestDate        SowDate          yield        biomass     root_depth         MaxLAI  FloralInitDAS   FloweringDAS    MaturityDAS        density       cultivar            TOS           site
   (dd/mm/yyyy)             ()        (kg/ha)        (kg/ha)           (mm)             ()         (days)         (days)          (day)             ()             ()             ()             ()
     22/10/2019     02/07/2019          892.6         2453.3       1495.831          1.253             66             68            112         52.000     hallmarkxt           tos2     millmerran
