ApsimVersion = 7.10
precision = 8
Title = Sorghum_BW5_GxE_T5
           Date            Das    day_of_year          Stage        Biomass        GreenWt      BiomassWt    RootGreenWt    LeafGreenWt    StemGreenWt  RachisGreenWt   GrainGreenWt      biomass_n         GreenN     RootGreenN     LeafGreenN     StemGreenN   RachisGreenN    GrainGreenN GrainGreenNConc        GrainNo      GrainSize             HI         LeafNo            LAI           SLAI            ESW            NO3            SLN        WaterSD           sw()           TPLA           SPLA   dlt_dm_green      sw_supply       radn_int   DeltaGreenWt       DeltaLAI DeltaGreenN(1) DeltaGreenN(2) DeltaGreenN(3) DeltaGreenN(4) DeltaGreenN(5) DeltaLeafGreenN      DeltaSLAI        DeltaTT     SenescedWt      SenescedN  RootSenescedN RootSenescedWt LeafSenescedWt  LeafSenescedN         RLV(1)         RLV(2)         RLV(3)         RLV(4)         RLV(5)         RLV(6)         RLV(7)         RLV(8)         RLV(9)        RLV(10)        RLV(11)        RLV(12)        RLV(13)      RootDepth RootProportion(1) RootProportion(2) RootProportion(3) RootProportion(4) RootProportion(5) RootProportion(6) RootProportion(7) RootProportion(8) RootProportion(9) RootProportion(10) RootProportion(11) RootProportion(12) RootProportion(13) sum(sw_uptake) n_total_uptake  n_supply_soil   n_cum_uptake      sw_demand  sw_deficit(1)  sw_deficit(2)  sw_deficit(3)  sw_deficit(4)  sw_deficit(5)  sw_deficit(6)  sw_deficit(7)  sw_deficit(8)  sw_deficit(9) sw_deficit(10) sw_deficit(11) sw_deficit(12) sw_deficit(13)     root_depth         no3(1)         no3(2)         no3(3)         no3(4)         no3(5)         no3(6)         no3(7)         no3(8)         no3(9)        no3(10)        no3(11)        no3(12)        no3(13)          sw(1)          sw(2)          sw(3)          sw(4)          sw(5)          sw(6)          sw(7)          sw(8)          sw(9)         sw(10)         sw(11)         sw(12)         sw(13)   sw_uptake(1)   sw_uptake(2)   sw_uptake(3)   sw_uptake(4)   sw_uptake(5)   sw_uptake(6)   sw_uptake(7)   sw_uptake(8)   sw_uptake(9)  sw_uptake(10)  sw_uptake(11)  sw_uptake(12)  sw_uptake(13)     n_sd_ratio     no3_demand            esw    swdef_pheno    swdef_photo    swdef_expan    nfact_pheno    nfact_expan      sw_dep(1)      sw_dep(2)      sw_dep(3)      sw_dep(4)      sw_dep(5)      sw_dep(6)      sw_dep(7)      sw_dep(8)      sw_dep(9)     sw_dep(10)     sw_dep(11)     sw_dep(12)     sw_dep(13) n_diffusion_uptake n_massflow_uptake    cover_green      cover_tot      DeltaTTFM          st(1)          st(2)          st(3)          st(4)          st(5)          st(6)          st(7)          st(8)          st(9)         st(10)         st(11)         st(12)         st(13) GrainTempFactor
   (dd/mm/yyyy)         (days)             ()             ()        (kg/ha)        (g/m^2)        (g/m^2)        (g/m^2)        (g/m^2)        (g/m^2)        (g/m^2)        (g/m^2)        (g/m^2)        (g/m^2)        (g/m^2)        (g/m^2)        (g/m^2)        (g/m^2)        (g/m^2)             (%)   (grains/m^2)  (g/1000grain)             ()       (leaves)        (m2/m2)        (m2/m2)           (mm)        (kg/ha)      (g(N)/m2)             ()        (mm/mm)           (m2)           (m2)        (g/m^2)           (mm)             ()        (g/m^2)        (m2/m2)        (g/m^2)        (g/m^2)        (g/m^2)        (g/m^2)        (g/m^2)         (g/m^2)        (m2/m2)          (oCd)        (g/m^2)        (g/m^2)        (g/m^2)        (g/m^2)        (g/m^2)        (g/m^2)       (mm/mm3)       (mm/mm3)       (mm/mm3)       (mm/mm3)       (mm/mm3)       (mm/mm3)       (mm/mm3)       (mm/mm3)       (mm/mm3)       (mm/mm3)       (mm/mm3)       (mm/mm3)       (mm/mm3)           (mm)             (0-1)             (0-1)             (0-1)             (0-1)             (0-1)             (0-1)             (0-1)             (0-1)             (0-1)              (0-1)              (0-1)              (0-1)              (0-1)           (mm)        (g/m^2)        (g/m^2)        (g/m^2)           (mm)           (mm)           (mm)           (mm)           (mm)           (mm)           (mm)           (mm)           (mm)           (mm)           (mm)           (mm)           (mm)           (mm)           (mm)        (kg/ha)        (kg/ha)        (kg/ha)        (kg/ha)        (kg/ha)        (kg/ha)        (kg/ha)        (kg/ha)        (kg/ha)        (kg/ha)        (kg/ha)        (kg/ha)        (kg/ha)        (mm/mm)        (mm/mm)        (mm/mm)        (mm/mm)        (mm/mm)        (mm/mm)        (mm/mm)        (mm/mm)        (mm/mm)        (mm/mm)        (mm/mm)        (mm/mm)        (mm/mm)           (mm)           (mm)           (mm)           (mm)           (mm)           (mm)           (mm)           (mm)           (mm)           (mm)           (mm)           (mm)           (mm)             ()        (g/m^2)           (mm)             ()             ()             ()             ()             ()           (mm)           (mm)           (mm)           (mm)           (mm)           (mm)           (mm)           (mm)           (mm)           (mm)           (mm)           (mm)           (mm)            (g/m^2)           (g/m^2)             ()             ()          (oCd)           (oC)           (oC)           (oC)           (oC)           (oC)           (oC)           (oC)           (oC)           (oC)           (oC)           (oC)           (oC)           (oC)              ()
     12/02/1997            126             43    11.00000000 11951.01740800  1353.16506000  1195.10174000   213.35230300    58.11552700   546.58501000   129.14460300   405.96761700     9.00513700     8.20509800     0.41063100     0.87729200     1.36380600     0.38522300     5.16814500      1.27304400 11478.47015900    35.36774600     0.33969300    18.00886400     1.82021100     1.73168200   131.48167400   130.81222500     0.48197300     1.00000000     3.76319000  3551.89246300  1731.68178400     2.89596900     6.98557300    10.80878800     2.89596900     0.00000000     0.00000000     0.00000000     0.00000000     0.00000000     0.00000000      0.00000000     0.00000000     9.75000000    92.28452300     1.28284500     0.07217400    36.99553600    55.28898400     1.21067100     0.00000100     0.00477700     0.00647600     0.00761300     0.00769200     0.00769200     0.00769200     0.00769200     0.00769200     0.00769200     0.00769200     0.00769200     0.00769200  1950.00000000        1.00000000        1.00000000        1.00000000        1.00000000        1.00000000        1.00000000        1.00000000        1.00000000        1.00000000         1.00000000         1.00000000         1.00000000         1.00000000     0.73678900     0.00000000     0.00000000     9.45494300     0.73678900    36.50320800    21.51133000    14.18341800    13.51313000    17.78994800    21.25039300    21.72708900    21.18384900    22.27969700    14.83052400    12.87837200    14.69002500    13.94375200  1950.00000000    84.42619300     9.17452700     5.28494200     3.59636400     2.74778200     3.31795100     4.15428900     2.84454700     3.06717300     2.42349900     2.91717200     3.25202000     3.60575000     0.17664500     0.24639500     0.26525600     0.26969200     0.27109500     0.27797400     0.28474600     0.28826700     0.30086700     0.33066100     0.34362000     0.35150900     0.35646300     0.00000000     0.02944900     0.02817800     0.03312700     0.04584900     0.05352500     0.06108000     0.07616500     0.09022400     0.07032700     0.07856300     0.08357700     0.08672500     0.00000000     2.68556600   131.48167400     1.00000000     1.00000000     1.00000000     1.00000000     1.00000000    26.49678800    36.95921700    39.78840600    40.45374700    40.66420000    41.69607900    42.71183000    43.23998600    45.13007700    49.59914800    51.54306400    52.72639800    53.46952400         0.00000000        0.00000000     0.51716700     0.75846900    15.05000000    27.27998900    25.63869900    24.14325100    22.78043700    21.53806700    20.40490300    19.37061900    18.42573900    17.56158300    16.77022400    16.04442600    15.37761600    14.76381600      1.00000000
