ApsimVersion = 7.10
precision = 8
Title = Sorghum_LE13_Buster-I+N
           Date            Das    day_of_year          Stage        Biomass        GreenWt      BiomassWt    RootGreenWt    LeafGreenWt    StemGreenWt  RachisGreenWt   GrainGreenWt      biomass_n         GreenN     RootGreenN     LeafGreenN     StemGreenN   RachisGreenN    GrainGreenN GrainGreenNConc        GrainNo      GrainSize             HI         LeafNo            LAI           SLAI            ESW            NO3            SLN        WaterSD           sw()           TPLA           SPLA   dlt_dm_green      sw_supply       radn_int   DeltaGreenWt       DeltaLAI DeltaGreenN(1) DeltaGreenN(2) DeltaGreenN(3) DeltaGreenN(4) DeltaGreenN(5) DeltaLeafGreenN      DeltaSLAI        DeltaTT     SenescedWt      SenescedN  RootSenescedN RootSenescedWt LeafSenescedWt  LeafSenescedN         RLV(1)         RLV(2)         RLV(3)         RLV(4)         RLV(5)         RLV(6)         RLV(7)      RootDepth RootProportion(1) RootProportion(2) RootProportion(3) RootProportion(4) RootProportion(5) RootProportion(6) RootProportion(7) sum(sw_uptake) n_total_uptake  n_supply_soil   n_cum_uptake      sw_demand  sw_deficit(1)  sw_deficit(2)  sw_deficit(3)  sw_deficit(4)  sw_deficit(5)  sw_deficit(6)  sw_deficit(7)     root_depth         no3(1)         no3(2)         no3(3)         no3(4)         no3(5)         no3(6)         no3(7)          sw(1)          sw(2)          sw(3)          sw(4)          sw(5)          sw(6)          sw(7)   sw_uptake(1)   sw_uptake(2)   sw_uptake(3)   sw_uptake(4)   sw_uptake(5)   sw_uptake(6)   sw_uptake(7)     n_sd_ratio     no3_demand            esw    swdef_pheno    swdef_photo    swdef_expan    nfact_pheno    nfact_expan      sw_dep(1)      sw_dep(2)      sw_dep(3)      sw_dep(4)      sw_dep(5)      sw_dep(6)      sw_dep(7) n_diffusion_uptake n_massflow_uptake    cover_green      cover_tot      DeltaTTFM          st(1)          st(2)          st(3)          st(4)          st(5)          st(6)          st(7) GrainTempFactor
   (dd/mm/yyyy)         (days)             ()             ()        (kg/ha)        (g/m^2)        (g/m^2)        (g/m^2)        (g/m^2)        (g/m^2)        (g/m^2)        (g/m^2)        (g/m^2)        (g/m^2)        (g/m^2)        (g/m^2)        (g/m^2)        (g/m^2)        (g/m^2)             (%)   (grains/m^2)  (g/1000grain)             ()       (leaves)        (m2/m2)        (m2/m2)           (mm)        (kg/ha)      (g(N)/m2)             ()        (mm/mm)           (m2)           (m2)        (g/m^2)           (mm)             ()        (g/m^2)        (m2/m2)        (g/m^2)        (g/m^2)        (g/m^2)        (g/m^2)        (g/m^2)         (g/m^2)        (m2/m2)          (oCd)        (g/m^2)        (g/m^2)        (g/m^2)        (g/m^2)        (g/m^2)        (g/m^2)       (mm/mm3)       (mm/mm3)       (mm/mm3)       (mm/mm3)       (mm/mm3)       (mm/mm3)       (mm/mm3)           (mm)             (0-1)             (0-1)             (0-1)             (0-1)             (0-1)             (0-1)             (0-1)           (mm)        (g/m^2)        (g/m^2)        (g/m^2)           (mm)           (mm)           (mm)           (mm)           (mm)           (mm)           (mm)           (mm)           (mm)        (kg/ha)        (kg/ha)        (kg/ha)        (kg/ha)        (kg/ha)        (kg/ha)        (kg/ha)        (mm/mm)        (mm/mm)        (mm/mm)        (mm/mm)        (mm/mm)        (mm/mm)        (mm/mm)           (mm)           (mm)           (mm)           (mm)           (mm)           (mm)           (mm)             ()        (g/m^2)           (mm)             ()             ()             ()             ()             ()           (mm)           (mm)           (mm)           (mm)           (mm)           (mm)           (mm)            (g/m^2)           (g/m^2)             ()             ()          (oCd)           (oC)           (oC)           (oC)           (oC)           (oC)           (oC)           (oC)              ()
     15/03/1996            108             75    11.00000000 17196.28144300  1932.58038500  1719.62814000   256.77402300   201.67205300   547.05598000   151.75043200   775.32789600    21.39714200    20.47385200     0.51354800     4.46451200     1.97793100     0.45341000    13.06445200      1.68502300 24606.58626000    31.50895800     0.45087000    17.10185200     5.35099300     1.15286700    26.24529300   230.98869300     0.83433300     0.24623900     2.27241400  4064.91248800   720.54207700     5.12338400     1.08766300    19.41262100     5.12338400     0.00000000     0.00000000     0.00000000     0.00000000     0.00000000     0.00000000      0.00000000     0.00000000    12.22877600    79.21418000     1.50694800     0.07011100    35.39239500    43.82178300     1.43683800     0.02552700     0.02533500     0.02395600     0.01982500     0.01446000     0.00963200     0.00305900  1748.00000000        1.00000000        1.00000000        1.00000000        1.00000000        1.00000000        1.00000000        0.82666700     1.08766300     0.00000000     0.00000000    21.92800100     4.41709900    22.36321300    22.42781400    21.17250100    34.06303400    29.55354300    24.90818000     8.54196200  1748.00000000    65.82099900    36.00376100    45.01786400    44.89310500    19.06016300    11.70167100     8.49113100     0.29818400     0.31643200     0.35380600     0.32594000     0.30079900     0.32629400     0.35095900     0.00000000     0.28577500     0.06620000     0.15495700     0.20678700     0.20367300     0.17027100     0.00000000     2.76775000    26.24529300     1.00000000     0.24623900     0.14623900     1.00000000     1.00000000    59.63678700    63.28641100    70.76129900    97.78200500    90.23967000    97.88814500   105.28776600         0.00000000        0.00000000     0.88239200     0.92584100    17.55000000    27.14961800    26.35515200    25.45496900    24.11138000    22.94397700    22.03527300    21.39045900      0.75874000
