ApsimVersion = 7.10
precision = 8
Title = Sorghum_LE14_Buster
           Date            Das    day_of_year          Stage        Biomass        GreenWt      BiomassWt    RootGreenWt    LeafGreenWt    StemGreenWt  RachisGreenWt   GrainGreenWt      biomass_n         GreenN     RootGreenN     LeafGreenN     StemGreenN   RachisGreenN    GrainGreenN GrainGreenNConc        GrainNo      GrainSize             HI         LeafNo            LAI           SLAI            ESW            NO3            SLN        WaterSD           sw()           TPLA           SPLA   dlt_dm_green      sw_supply       radn_int   DeltaGreenWt       DeltaLAI DeltaGreenN(1) DeltaGreenN(2) DeltaGreenN(3) DeltaGreenN(4) DeltaGreenN(5) DeltaLeafGreenN      DeltaSLAI        DeltaTT     SenescedWt      SenescedN  RootSenescedN RootSenescedWt LeafSenescedWt  LeafSenescedN         RLV(1)         RLV(2)         RLV(3)         RLV(4)         RLV(5)         RLV(6)         RLV(7)      RootDepth RootProportion(1) RootProportion(2) RootProportion(3) RootProportion(4) RootProportion(5) RootProportion(6) RootProportion(7) sum(sw_uptake) n_total_uptake  n_supply_soil   n_cum_uptake      sw_demand  sw_deficit(1)  sw_deficit(2)  sw_deficit(3)  sw_deficit(4)  sw_deficit(5)  sw_deficit(6)  sw_deficit(7)     root_depth         no3(1)         no3(2)         no3(3)         no3(4)         no3(5)         no3(6)         no3(7)          sw(1)          sw(2)          sw(3)          sw(4)          sw(5)          sw(6)          sw(7)   sw_uptake(1)   sw_uptake(2)   sw_uptake(3)   sw_uptake(4)   sw_uptake(5)   sw_uptake(6)   sw_uptake(7)     n_sd_ratio     no3_demand            esw    swdef_pheno    swdef_photo    swdef_expan    nfact_pheno    nfact_expan      sw_dep(1)      sw_dep(2)      sw_dep(3)      sw_dep(4)      sw_dep(5)      sw_dep(6)      sw_dep(7) n_diffusion_uptake n_massflow_uptake    cover_green      cover_tot      DeltaTTFM          st(1)          st(2)          st(3)          st(4)          st(5)          st(6)          st(7) GrainTempFactor
   (dd/mm/yyyy)         (days)             ()             ()        (kg/ha)        (g/m^2)        (g/m^2)        (g/m^2)        (g/m^2)        (g/m^2)        (g/m^2)        (g/m^2)        (g/m^2)        (g/m^2)        (g/m^2)        (g/m^2)        (g/m^2)        (g/m^2)        (g/m^2)             (%)   (grains/m^2)  (g/1000grain)             ()       (leaves)        (m2/m2)        (m2/m2)           (mm)        (kg/ha)      (g(N)/m2)             ()        (mm/mm)           (m2)           (m2)        (g/m^2)           (mm)             ()        (g/m^2)        (m2/m2)        (g/m^2)        (g/m^2)        (g/m^2)        (g/m^2)        (g/m^2)         (g/m^2)        (m2/m2)          (oCd)        (g/m^2)        (g/m^2)        (g/m^2)        (g/m^2)        (g/m^2)        (g/m^2)       (mm/mm3)       (mm/mm3)       (mm/mm3)       (mm/mm3)       (mm/mm3)       (mm/mm3)       (mm/mm3)           (mm)             (0-1)             (0-1)             (0-1)             (0-1)             (0-1)             (0-1)             (0-1)           (mm)        (g/m^2)        (g/m^2)        (g/m^2)           (mm)           (mm)           (mm)           (mm)           (mm)           (mm)           (mm)           (mm)           (mm)        (kg/ha)        (kg/ha)        (kg/ha)        (kg/ha)        (kg/ha)        (kg/ha)        (kg/ha)        (mm/mm)        (mm/mm)        (mm/mm)        (mm/mm)        (mm/mm)        (mm/mm)        (mm/mm)           (mm)           (mm)           (mm)           (mm)           (mm)           (mm)           (mm)             ()        (g/m^2)           (mm)             ()             ()             ()             ()             ()           (mm)           (mm)           (mm)           (mm)           (mm)           (mm)           (mm)            (g/m^2)           (g/m^2)             ()             ()          (oCd)           (oC)           (oC)           (oC)           (oC)           (oC)           (oC)           (oC)              ()
     08/02/1997            121             39    11.00000000 19089.31273800  2134.66711800  1908.93127000   269.81198700   217.23987200   549.43924000   160.42980000   937.74621900    22.28143700    22.10786800     0.53962400     3.17312100     1.91479000     0.46956500    16.01076800      1.70736700 29973.53279500    31.28580900     0.49124100    17.04273500     3.66463900     0.74352400   182.65579200   245.54156500     0.86587500     1.00000000     2.90479000  4408.16377500   743.52449600    24.01342200    11.98932300    21.81223400    24.01342200     0.00000000     0.00000000     0.00000000     0.00000000     0.00000000     0.00000000      0.00000000     0.00000000    11.89392300    82.00325000     0.78955500     0.07636200    37.92710800    44.07614300     0.71319300     0.01111100     0.01111100     0.01111100     0.01666700     0.01666700     0.01666700     0.01666700  1800.00000000        1.00000000        1.00000000        1.00000000        1.00000000        1.00000000        1.00000000        1.00000000     5.71647300     0.00000000     0.00000000    22.86442300     5.71647200    -1.71106700    -1.76316100     1.15332800     2.86621100     0.18779800     0.89460800     0.00000000  1800.00000000    15.30297300    33.20511600    54.81391100    79.83335900    38.75029000    14.86366800     8.77224100     0.41403300     0.43352100     0.45025700     0.42623300     0.39624500     0.40516800     0.37933200     0.90442900     1.05899100     0.79517000     1.26384700     0.93868500     0.55509400     0.20025500     0.00000000     2.97726500   182.65579200     1.00000000     1.00000000     1.00000000     1.00000000     1.00000000    82.80664100    86.70417000    90.05149800   127.86994200   118.87352000   121.55030100   113.79974400         0.00000000        0.00000000     0.76912000     0.82851600    17.45000100    28.17459100    27.74270200    27.30506900    26.64810200    26.00233800    25.37853200    24.78494800      0.97857200
