ApsimVersion = 7.1
Title = Oxford1
            day    sowing_date     sowing_das   maturity_das  maturity_date
          (day)          (doy)         (days)         (days)          (doy)
            178            118              1             60            177
