ApsimVersion = 7.2
Title = Crocantigh_98_monty
           year            day          stage   plant_status          event        grain_n daysaftersowing  ttaftersowing       grain_wt          yield     biomass_wt         plants        leaf_no     root_depth  green_biomass avg@canola_swdef_pheno avg@canola_swdef_photo avg@canola_swdef_expan avg@canola_nfact_photo avg@canola_nfact_grain       n_uptake       stover_n     esw_layr()            lai       total_sw      total_no3 sum@canola_ep[] sum@soilwat2_es           pesw sum@soilwat2_runoff sum@soilwat2_drain   surfaceom_wt       flow_das      flow_date     day_length        mat_das       mat_date    cover_green   avg@met_maxt   avg@met_mint   avg@met_radn   sum@met_rain         height        node_no       oil_conc       avg_temp    leafgreenwt    stemgreenwt     podgreenwt            pai           date        green_n     leafgreenn     stemgreenn      podgreenn           tlai    mealgreenwt     oilgreenwt dlt_dm_grain_demand grain_oil_conc dlt_dm_oil_conv dlt_dm_oil_conv_retrans        growthn retranslocationn leafgreennconc stemgreennconc   n_conc_grain mealgreennconc    n_conc_crit     n_conc_min      avg_swdef
         (year)          (day)             ()             ()             ()        (g/m^2)           (day)    (deg. days)        (g/m^2)        (kg/ha)        (g/m^2)   (plants/m^2) (leaves/plant)           (mm)        (g/m^2)                     ()                     ()                     ()                     ()                     ()        (g/m^2)        (g/m^2)           (mm)      (m^2/m^2)           (mm)        (kg/ha)              ()              ()           (mm)                  ()                 ()        (kg/ha)         (days)          (doy)        (hours)         (days)          (doy)             ()             ()             ()             ()             ()           (mm)  (nodes/plant)             ()             ()        (g/m^2)        (g/m^2)        (g/m^2)      (m^2/m^2)             ()        (g/m^2)        (g/m^2)        (g/m^2)        (g/m^2)      (m^2/m^2)        (g/m^2)        (g/m^2)             (g/m^2)            (%)              ()                 (g/m^2)        (g/m^2)          (g/m^2)            (%)            (%)            (%)            (%)            (%)            (%)             ()
           1998            275         10.000          alive          0.000           2.73             143       1932.723          93.30          933.0         311.18         40.000         23.744        700.000         256.29                      ?                      ?                      ?                      ?                      ?           3.53           0.32        122.217          0.000        292.217            0.2               ?               ?        122.217                   ?                  ?           46.7             79            210         13.171            142            273          0.485              ?              ?              ?              ?        881.991         16.330         42.023         18.112           0.00          80.31          82.68          0.831     02/10/1998           3.05           0.00           0.26           0.06          0.956          51.32          41.99                0.00          0.450               ?                   -0.00           0.01             0.00          4.776          0.322          2.929          5.325          0.500          0.300          1.000
