ApsimVersion = 7.2
Title = MtBarker98_d_h_s1_range
           year            day          stage   plant_status          event        grain_n daysaftersowing  ttaftersowing       grain_wt          yield     biomass_wt         plants        leaf_no     root_depth  green_biomass avg@canola_swdef_pheno avg@canola_swdef_photo avg@canola_swdef_expan avg@canola_nfact_photo avg@canola_nfact_grain       n_uptake       stover_n     esw_layr()            lai       total_sw      total_no3 sum@canola_ep[] sum@soilwat2_es           pesw sum@soilwat2_runoff sum@soilwat2_drain   surfaceom_wt       flow_das      flow_date     day_length        mat_das       mat_date    cover_green   avg@met_maxt   avg@met_mint   avg@met_radn   sum@met_rain         height        node_no       oil_conc       avg_temp    leafgreenwt    stemgreenwt     podgreenwt            pai           date        green_n     leafgreenn     stemgreenn      podgreenn           tlai    mealgreenwt     oilgreenwt dlt_dm_grain_demand grain_oil_conc dlt_dm_oil_conv dlt_dm_oil_conv_retrans        growthn retranslocationn leafgreennconc stemgreennconc   n_conc_grain mealgreennconc    n_conc_crit     n_conc_min      avg_swdef
         (year)          (day)             ()             ()             ()        (g/m^2)           (day)    (deg. days)        (g/m^2)        (kg/ha)        (g/m^2)   (plants/m^2) (leaves/plant)           (mm)        (g/m^2)                     ()                     ()                     ()                     ()                     ()        (g/m^2)        (g/m^2)           (mm)      (m^2/m^2)           (mm)        (kg/ha)              ()              ()           (mm)                  ()                 ()        (kg/ha)         (days)          (doy)        (hours)         (days)          (doy)             ()             ()             ()             ()             ()           (mm)  (nodes/plant)             ()             ()        (g/m^2)        (g/m^2)        (g/m^2)      (m^2/m^2)   (dd/mm/yyyy)        (g/m^2)        (g/m^2)        (g/m^2)        (g/m^2)      (m^2/m^2)        (g/m^2)        (g/m^2)             (g/m^2)            (%)              ()                 (g/m^2)        (g/m^2)          (g/m^2)            (%)            (%)            (%)            (%)            (%)            (%)             ()
           1998            307         10.000          alive          0.000          11.49             203       2450.043         287.94         2879.4         961.17         70.000         64.939       1934.255         702.48                      ?                      ?                      ?                      ?                      ?          16.22           1.76        139.281          0.000        408.281            4.1               ?               ?        159.281                   ?                  ?           16.6            119            222         14.520            202            305          0.779              ?              ?              ?              ?        989.808         36.920         47.000         12.397           0.00         240.10         174.44          1.885     03/11/1998          13.25           0.00           0.99           0.76          7.400         158.37         129.57                0.00          0.450               ?                   -0.00           0.03             0.00        102.622          0.413          3.992          7.258          0.500          0.300          1.000
