ApsimVersion = 7.1
Title = Dirnaseer_03_S1
           year            day          Stage   plant_status          event        grain_n DaysAfterSowing  TTAfterSowing       grain_wt          yield     biomass_wt         plants        leaf_no     root_depth  green_biomass avg@canola_swdef_pheno avg@canola_swdef_photo avg@canola_swdef_expan avg@canola_nfact_photo avg@canola_nfact_grain       n_uptake       stover_n     esw_layr()            lai       total_sw      total_no3 sum@canola_ep[] sum@soilwat2_es           pesw sum@soilwat2_runoff sum@soilwat2_drain   surfaceom_wt       flow_das      flow_date     day_length        mat_das       mat_date    cover_green   avg@met_maxt   avg@met_mint   avg@Met_radn   sum@met_rain         height        node_no       oil_conc       avg_temp    LeafGreenWt    StemGreenWt     PodGreenWt            pai           date        green_n     LeafGreenN     StemGreenN      PodGreenN           tlai    MealGreenWt     OilGreenWt dlt_dm_grain_demand grain_oil_conc dlt_dm_oil_conv dlt_dm_oil_conv_retrans        GrowthN RetranslocationN LeafGreenNConc StemGreenNConc   n_conc_grain MealGreenNConc    n_conc_crit     n_conc_min      avg_swdef
         (year)          (day)             ()             ()             ()        (g/m^2)           (day)    (deg. days)        (g/m^2)        (kg/ha)        (g/m^2)   (plants/m^2) (leaves/plant)           (mm)        (g/m^2)                     ()                     ()                     ()                     ()                     ()        (g/m^2)        (g/m^2)           (mm)      (m^2/m^2)           (mm)        (kg/ha)              ()              ()           (mm)                  ()                 ()        (kg/ha)         (days)          (doy)        (hours)         (days)          (doy)             ()             ()             ()             ()             ()           (mm)  (nodes/plant)             ()             ()        (g/m^2)        (g/m^2)        (g/m^2)      (m^2/m^2)             ()        (g/m^2)        (g/m^2)        (g/m^2)        (g/m^2)      (m^2/m^2)        (g/m^2)        (g/m^2)             (g/m^2)            (%)              ()                 (g/m^2)        (g/m^2)          (g/m^2)            (%)            (%)            (%)            (%)            (%)            (%)             ()
           2003            331         10.000          alive              ?           9.58             188       1964.468         249.28         2492.8         832.92         30.000         30.750       1362.136         685.86                      ?                      ?                      ?                      ?                      ?          14.72           3.04          6.450          0.000        404.550           11.4               ?               ?          6.450                   ?                  ?          159.1            112            255         15.210            187            330          0.809              ?              ?              ?              ?       1500.000         19.808         43.637         15.386           0.00         253.39         183.19          2.067     27/11/2003          12.62           0.00           1.79           1.24          3.690         137.10         112.18                0.00          0.450               ?                   -0.00           0.00             0.00          1.029          0.707          3.842          6.986          0.500          0.300          0.342
