ApsimVersion = 7.0
Title = Lgrace97_s1_Oscar
           year            day          Stage   plant_status          event        grain_n DaysAfterSowing  TTAfterSowing       grain_wt          yield     biomass_wt         plants        leaf_no     root_depth  green_biomass avg@canola_swdef_pheno avg@canola_swdef_photo avg@canola_swdef_expan avg@canola_nfact_photo avg@canola_nfact_grain       n_uptake       stover_n     esw_layr()            lai       total_sw      total_no3 sum@canola_ep[] sum@soilwat2_es           pesw sum@soilwat2_runoff sum@soilwat2_drain   surfaceom_wt       flow_das      flow_date     day_length        mat_das       mat_date    cover_green   avg@met_maxt   avg@met_mint   avg@Met_radn   sum@met_rain         height        node_no       oil_conc       avg_temp    LeafGreenWt    StemGreenWt     PodGreenWt            pai           date        green_n     LeafGreenN     StemGreenN      PodGreenN           tlai    MealGreenWt     OilGreenWt dlt_dm_grain_demand grain_oil_conc dlt_dm_oil_conv dlt_dm_oil_conv_retrans        GrowthN RetranslocationN LeafGreenNConc StemGreenNConc   n_conc_grain MealGreenNConc    n_conc_crit     n_conc_min      avg_swdef
         (year)          (day)             ()             ()             ()        (g/m^2)           (day)    (deg. days)        (g/m^2)        (kg/ha)        (g/m^2)   (plants/m^2) (leaves/plant)           (mm)        (g/m^2)                     ()                     ()                     ()                     ()                     ()        (g/m^2)        (g/m^2)           (mm)      (m^2/m^2)           (mm)        (kg/ha)              ()              ()           (mm)                  ()                 ()        (kg/ha)         (days)          (doy)        (hours)         (days)          (doy)             ()             ()             ()             ()             ()           (mm)  (nodes/plant)             ()             ()        (g/m^2)        (g/m^2)        (g/m^2)      (m^2/m^2)             ()        (g/m^2)        (g/m^2)        (g/m^2)        (g/m^2)      (m^2/m^2)        (g/m^2)        (g/m^2)             (g/m^2)            (%)              ()                 (g/m^2)        (g/m^2)          (g/m^2)            (%)            (%)            (%)            (%)            (%)            (%)             ()
           1997            297         10.000          alive          0.000          11.69             184       2239.533         273.94         2739.4         913.38         70.000         53.182        553.590         645.66                      ?                      ?                      ?                      ?                      ?          19.83           4.15         11.418          0.000        438.729           52.3               ?               ?         87.729                   ?                  ?            4.0            107            219         14.088            183            295          0.706              ?              ?              ?              ?        982.902         31.044         45.637         14.012           0.00         250.82         120.90          1.530     24/10/1997          15.84           0.00           2.35           1.80          7.775         150.67         123.27                0.00          0.450               ?                   -0.00           0.04             0.00          1.338          0.937          4.267          7.759          0.500          0.300          0.542
