ApsimVersion = 7.0
Title = MtBarker97_s1_pinnacle
           year            day          Stage   plant_status          event        grain_n DaysAfterSowing  TTAfterSowing       grain_wt          yield     biomass_wt         plants        leaf_no     root_depth  green_biomass avg@canola_swdef_pheno avg@canola_swdef_photo avg@canola_swdef_expan avg@canola_nfact_photo avg@canola_nfact_grain       n_uptake       stover_n     esw_layr()            lai       total_sw      total_no3 sum@canola_ep[] sum@soilwat2_es           pesw sum@soilwat2_runoff sum@soilwat2_drain   surfaceom_wt       flow_das      flow_date     day_length        mat_das       mat_date    cover_green   avg@met_maxt   avg@met_mint   avg@Met_radn   sum@met_rain         height        node_no       oil_conc       avg_temp    LeafGreenWt    StemGreenWt     PodGreenWt            pai           date        green_n     LeafGreenN     StemGreenN      PodGreenN           tlai    MealGreenWt     OilGreenWt dlt_dm_grain_demand grain_oil_conc dlt_dm_oil_conv dlt_dm_oil_conv_retrans        GrowthN RetranslocationN LeafGreenNConc StemGreenNConc   n_conc_grain MealGreenNConc    n_conc_crit     n_conc_min      avg_swdef
         (year)          (day)             ()             ()             ()        (g/m^2)           (day)    (deg. days)        (g/m^2)        (kg/ha)        (g/m^2)   (plants/m^2) (leaves/plant)           (mm)        (g/m^2)                     ()                     ()                     ()                     ()                     ()        (g/m^2)        (g/m^2)           (mm)      (m^2/m^2)           (mm)        (kg/ha)              ()              ()           (mm)                  ()                 ()        (kg/ha)         (days)          (doy)        (hours)         (days)          (doy)             ()             ()             ()             ()             ()           (mm)  (nodes/plant)             ()             ()        (g/m^2)        (g/m^2)        (g/m^2)      (m^2/m^2)             ()        (g/m^2)        (g/m^2)        (g/m^2)        (g/m^2)      (m^2/m^2)        (g/m^2)        (g/m^2)             (g/m^2)            (%)              ()                 (g/m^2)        (g/m^2)          (g/m^2)            (%)            (%)            (%)            (%)            (%)            (%)             ()
           1997            321         10.000          alive          0.000          14.68             193       2384.027         359.63         3596.3        1207.57         70.000         53.693       1801.772         951.59                      ?                      ?                      ?                      ?                      ?          21.00           3.26         64.408          0.000        331.216           11.4               ?               ?         82.216                   ?                  ?            1.3            112            239         14.947            192            319          0.812              ?              ?              ?              ?       1326.166         31.296         46.728         14.106           0.00         370.67         221.29          2.092     17/11/1997          17.94           0.00           2.02           1.24          7.910         197.80         161.83                0.00          0.450               ?                   -0.00           0.04             0.00         81.963          0.544          4.083          7.423          0.500          0.300          0.962
