ApsimVersion = 7.2
Title = Mullewa97_s2_monty report
           year            day          Stage   plant_status          event        grain_n DaysAfterSowing  TTAfterSowing       grain_wt          yield     biomass_wt         plants        leaf_no     root_depth  green_biomass avg@canola_swdef_pheno avg@canola_swdef_photo avg@canola_swdef_expan avg@canola_nfact_photo avg@canola_nfact_grain       n_uptake       stover_n     esw_layr()            lai       total_sw      total_no3 sum@canola_ep[] sum@soilwat2_es           pesw sum@soilwat2_runoff sum@soilwat2_drain   surfaceom_wt       flow_das      flow_date     day_length        mat_das       mat_date    cover_green   avg@met_maxt   avg@met_mint   avg@Met_radn   sum@met_rain         height        node_no       oil_conc       avg_temp    LeafGreenWt    StemGreenWt     PodGreenWt            pai           date        green_n     LeafGreenN     StemGreenN      PodGreenN           tlai    MealGreenWt     OilGreenWt dlt_dm_grain_demand grain_oil_conc dlt_dm_oil_conv dlt_dm_oil_conv_retrans        GrowthN RetranslocationN LeafGreenNConc StemGreenNConc   n_conc_grain MealGreenNConc    n_conc_crit     n_conc_min      avg_swdef
         (year)          (day)             ()             ()             ()        (g/m^2)           (day)    (deg. days)        (g/m^2)        (kg/ha)        (g/m^2)   (plants/m^2) (leaves/plant)           (mm)        (g/m^2)                     ()                     ()                     ()                     ()                     ()        (g/m^2)        (g/m^2)           (mm)      (m^2/m^2)           (mm)        (kg/ha)              ()              ()           (mm)                  ()                 ()        (kg/ha)         (days)          (doy)        (hours)         (days)          (doy)             ()             ()             ()             ()             ()           (mm)  (nodes/plant)             ()             ()        (g/m^2)        (g/m^2)        (g/m^2)      (m^2/m^2)             ()        (g/m^2)        (g/m^2)        (g/m^2)        (g/m^2)      (m^2/m^2)        (g/m^2)        (g/m^2)             (g/m^2)            (%)              ()                 (g/m^2)        (g/m^2)          (g/m^2)            (%)            (%)            (%)            (%)            (%)            (%)             ()
           1997            285         10.000          alive          0.000           7.87             146       1956.207         182.64         1826.4         611.69         70.000         23.284        749.007         471.65                      ?                      ?                      ?                      ?                      ?          17.48           7.51         17.763          0.000        570.912            9.0               ?               ?        132.912                   ?                  ?            8.9             77            215         13.508            145            283          0.694              ?              ?              ?              ?        763.559         16.100         43.187         15.671           0.00         177.53         111.48          1.479     12/10/1997          15.38           0.00           3.77           3.74          2.740         100.45          82.19                0.00          0.450               ?                   -0.00           0.04             0.00          2.538          2.124          4.310          7.837          0.500          0.300          0.250
