ApsimVersion = 7.5
Title = W400R0SWIM stress
            day           year           date NStressExpansion   NStressGrain   NStressPheno   NStressPhoto WaterStressExpansion WaterStressFixation WaterStressPheno WaterStressPhoto          sw(1)          sw(2)          sw(3)          sw(4)          sw(5)          sw(6)          sw(7)          sw(8)          sw(9)            esw
          (day)         (year)   (dd/mm/yyyy)               ()             ()             ()             ()                   ()                  ()               ()               ()    (cm^3/cm^3)    (cm^3/cm^3)    (cm^3/cm^3)    (cm^3/cm^3)    (cm^3/cm^3)    (cm^3/cm^3)    (cm^3/cm^3)    (cm^3/cm^3)    (cm^3/cm^3)           (mm)
            160           2003     09/06/2003            0.000          0.000          0.000          0.000                0.000               0.000            0.000            0.000          0.294          0.300          0.300          0.300          0.300          0.336          0.358          0.394          0.407        242.239
