ApsimVersion = 7.9
Title = Emerald_Exp02_Trt09 report_harvest
           Expt_name           year            day       yld/acre            das          openz           lint       bolls_sc        lai_max  nuptake_total     squarz_max
                  ()         (year)          (day)             ()         (days)         (1/m2)        (kg/ha)       (g/boll)        (m2/m2)        (kg/ha)         (1/m2)
 Emerald_Exp02_Trt09           1985             92        983.546            157        114.671         2458.9          5.498          3.567          201.0        168.017
