ApsimVersion = 7.8
Title = MyallVale_Exp04_Trt08 report_harvest
             Expt_name           year            day       yld/acre            das          openz           lint       bolls_sc        lai_max  nuptake_total     squarz_max
                    ()         (year)          (day)             ()         (days)         (1/m2)        (kg/ha)       (g/boll)        (m2/m2)        (kg/ha)         (1/m2)
 MyallVale_Exp04_Trt08           1978             98        708.871            179        107.458         1772.2          4.229          3.632          123.8        135.091
