ApsimVersion = 7.8
Title = MyallVale_Exp09_Trt08 report_harvest
             Expt_name           year            day       yld/acre            das          openz           lint       bolls_sc        lai_max  nuptake_total     squarz_max
                    ()         (year)          (day)             ()         (days)         (1/m2)        (kg/ha)       (g/boll)        (m2/m2)        (kg/ha)         (1/m2)
 MyallVale_Exp09_Trt08           1988             87        703.809            172        127.002         1759.5          3.299          2.770          125.2        175.153
