ApsimVersion = 7.9
Title = MyallVale_Exp06_Trt26 report_harvest
             Expt_name           year            day       yld/acre            das          openz           lint       bolls_sc        lai_max  nuptake_total     squarz_max
                    ()         (year)          (day)             ()         (days)         (1/m2)        (kg/ha)       (g/boll)        (m2/m2)        (kg/ha)         (1/m2)
 MyallVale_Exp06_Trt26           1984            143        540.665            231        112.391         1351.7          3.084          4.559           98.9        139.185
