ApsimVersion = 7.8
Title = MyallVale_Exp06_Trt10 report_harvest
             Expt_name           year            day       yld/acre            das          openz           lint       bolls_sc        lai_max  nuptake_total     squarz_max
                    ()         (year)          (day)             ()         (days)         (1/m2)        (kg/ha)       (g/boll)        (m2/m2)        (kg/ha)         (1/m2)
 MyallVale_Exp06_Trt10           1984            143        815.875            231        119.455         2039.7          4.378          4.573          225.6        111.244
