ApsimVersion = 7.10
Title = MyallVale_Exp09_Trt06 report_harvest
             Expt_name           year            day       yld/acre            das          openz           lint       bolls_sc        lai_max  nuptake_total     squarz_max
                    ()         (year)          (day)             ()         (days)         (1/m2)        (kg/ha)       (g/boll)        (m2/m2)        (kg/ha)         (1/m2)
 MyallVale_Exp09_Trt06           1988            120        666.048            205        111.699         1665.1          3.727          3.438          119.5        133.715
