ApsimVersion = 7.9
Title = MyallVale_Exp05_Trt09 report_harvest
             Expt_name           year            day       yld/acre            das          openz           lint       bolls_sc        lai_max  nuptake_total     squarz_max
                    ()         (year)          (day)             ()         (days)         (1/m2)        (kg/ha)       (g/boll)        (m2/m2)        (kg/ha)         (1/m2)
 MyallVale_Exp05_Trt09           1983             57        260.589            124         61.209          651.5          2.729          2.353          120.8        157.796
