ApsimVersion = 7.10
Title = aps1_High
           Date DaysAftersowing          yield        biomass            lai    leafGreenWt    StemTotalWt     PodTotalWt  flowering_das   harvestindex            SLA leafGreennconc     StemGreenN StemGreennconc     Grainnconc     leafGreenN        grain_n      biomass_n            SLN             id
   (dd/mm/yyyy)           (day)        (kg/ha)        (kg/ha)      (m^2/m^2)        (g/m^2)        (g/m^2)        (g/m^2)         (days)             ()             ()            (%)        (g/m^2)            (%)            (%)        (g/m^2)        (g/m^2)        (g/m^2)      (mgN/m^2)             ()
     19/04/1991              78         2729.7         7330.3          2.453         115.28         110.01         129.45             40          0.375         30.330          1.439           2.07          1.878          4.349           1.66          11.87          18.26          0.665          1.000
