ApsimVersion = 7.10
Title = Sorghum_Gatton_RUE_9
            Das          Stage      BiomassWt      GrainSize        GrainNo        LaiAnth    RootGreenWt    LeafGreenWt    StemGreenWt  RachisGreenWt   GrainGreenWt      biomass_n     RootGreenN     LeafGreenN     StemGreenN   RachisGreenN    GrainGreenN GrainGreenNConc         LeafNo            ESW            NO3            SLN           sw()             HI           TPLA           SPLA          Yield        Biomass
         (days)             ()        (g/m^2)  (g/1000grain)   (grains/m^2)        (m2/m2)        (g/m^2)        (g/m^2)        (g/m^2)        (g/m^2)        (g/m^2)        (g/m^2)        (g/m^2)        (g/m^2)        (g/m^2)        (g/m^2)        (g/m^2)             (%)       (leaves)           (mm)        (kg/ha)      (g(N)/m2)        (mm/mm)             ()           (m2)           (m2)        (kg/ha)        (kg/ha)
            116         11.000        1736.17         29.691      31079.393          6.415         271.77         162.33         375.87         162.30         922.78          22.51           0.54           2.40           1.02           0.48          16.26           1.762         17.969        111.078          219.9          0.621          2.311          0.532       6544.617       2681.762         9227.8        17361.7
