ApsimVersion = 7.5
Code = ed971a8
mat_class = E
Title = ed971a8 - ICRISAT 1997, ICPL 88039 Rainfed 8 plants.m2
           year            day      stagename   plant_status daysaftersowing  ttaftersowing          yield        biomass         plants         dlt_dm    rootgreenwt    leafgreenwt    stemgreenwt     podgreenwt       grain_wt          stage         height            lai           tlai           slai        node_no        leaf_no   leaf_no_dead     root_depth    oxdef_photo    swdef_photo    swdef_expan    nfact_photo       n_uptake             ep             es         tot_sw         runoff           rain      anth_date       mat_date           maxt           mint           radn  green_biomass
         (year)          (day)             ()             ()           (day)     (deg.days)        (kg/ha)        (kg/ha)   (plants/m^2)        (g/m^2)        (g/m^2)        (g/m^2)        (g/m^2)        (g/m^2)        (g/m^2)             ()           (mm)      (m^2/m^2)      (m^2/m^2)      (m^2/m^2)  (nodes/plant) (leaves/plant)             ()           (mm)             ()             ()             ()             ()        (g/m^2)           (mm)           (mm)           (mm)           (mm)           (mm)             ()             ()           (oC)           (oC)           (MJ)        (kg/ha)
           1997            267       maturity          alive              93       1554.760         1646.8         5262.7          8.000           2.66         154.48          39.46         203.79          85.06         164.68          9.000       1309.483          1.149          2.094          0.945         40.654        190.617              ?        686.000          1.000          1.000          1.000          1.000          10.54          1.065          0.731        495.951          0.000          0.000         54.000         93.000         28.300         22.100         11.300         4930.0
