ApsimVersion = 7.10
Code = sd861a16
mat_class = S
Title = sd861a16 - ICRISAT 1974, ICPL 87
           year            day      stagename   plant_status daysaftersowing  ttaftersowing          yield        biomass         plants         dlt_dm    rootgreenwt    leafgreenwt    stemgreenwt     podgreenwt       grain_wt          stage         height            lai           tlai           slai        node_no        leaf_no   leaf_no_dead     root_depth    oxdef_photo    swdef_photo    swdef_expan    nfact_photo       n_uptake             ep             es         tot_sw         runoff           rain      anth_date       mat_date           maxt           mint           radn  green_biomass
         (year)          (day)             ()             ()           (day)     (deg.days)        (kg/ha)        (kg/ha)   (plants/m^2)        (g/m^2)        (g/m^2)        (g/m^2)        (g/m^2)        (g/m^2)        (g/m^2)             ()           (mm)      (m^2/m^2)      (m^2/m^2)      (m^2/m^2)  (nodes/plant) (leaves/plant)             ()           (mm)             ()             ()             ()             ()        (g/m^2)           (mm)           (mm)           (mm)           (mm)           (mm)             ()             ()           (oC)           (oC)           (MJ)        (kg/ha)
           1986            289       maturity          alive             100       1609.131         1876.9         8398.2         16.700           5.64         228.01          91.24         379.65         105.81         187.69          9.000       1256.078          2.493          4.520          2.026         42.881        192.478              ?        840.000          1.000          1.000          1.000          1.000          14.64          5.360          0.757        480.604          0.000          0.000         64.000        100.000         34.000         21.100         16.500         7643.9
