ApsimVersion = 7.6
Title = A16P1T8A
            day          Title           Site         Season      Treatment           Date      sw_dep(1)      sw_dep(2)      sw_dep(3)      sw_dep(4)      sw_dep(5)      sw_dep(6)      sw_dep(7)       sw_dep()    ll15_dep(1)    ll15_dep(2)    ll15_dep(3)    ll15_dep(4)    ll15_dep(5)    ll15_dep(6)    ll15_dep(7)  AboveGroundWt    GrainLiveWt      RootDepth StageCodeValue LeafPhotosynthesisFtValue LeafPhotosynthesisFvpdValue         LeafFw        LeafLAI     StemLiveWt     LeafLiveWt      PodLiveWt
          (day)             ()             ()             ()             ()   (dd/mm/yyyy)           (mm)           (mm)           (mm)           (mm)           (mm)           (mm)           (mm)           (mm)           (mm)           (mm)           (mm)           (mm)           (mm)           (mm)           (mm)             ()             ()             ()             ()                        ()                          ()             ()             ()             ()             ()             ()
            144       a16p1t8a        cp93gat         -y1993       amethyst     24/05/1993         55.387         57.099        132.000        127.200        125.700        112.800        113.100        723.287         27.000         28.500         60.000         66.000         57.000         51.000         51.000              ?              ?              ?              ?                         ?                           ?              ?              ?              ?              ?              ?
