ApsimVersion = 7.6
Title = APS27D
            day          Title           Site         Season      Treatment           Date DaysAfterSowing  TTAfterSowing      sw_dep(1)      sw_dep(2)      sw_dep(3)      sw_dep(4)      sw_dep(5)      sw_dep(6)      sw_dep(7)  AboveGroundWt      RootDepth StageCodeValue LeafPhotosynthesisFtValue LeafPhotosynthesisFvpdValue         LeafFw        LeafLAI        swTotal    ll15_dep(1)    ll15_dep(2)    ll15_dep(3)    ll15_dep(4)    ll15_dep(5)    ll15_dep(6)    ll15_dep(7)    GrainLiveWt
          (day)             ()             ()             ()             ()   (dd/mm/yyyy)              ()             ()           (mm)           (mm)           (mm)           (mm)           (mm)           (mm)           (mm)             ()             ()             ()                        ()                          ()             ()             ()             ()           (mm)           (mm)           (mm)           (mm)           (mm)           (mm)           (mm)             ()
            165         aps27d         aps27w         -y1995       amethyst     14/06/1995               ?              ?         49.834         51.850         92.744         97.194         90.360         87.137         83.503              ?              ?              ?                         ?                           ?              ?              ?        502.788         37.500         37.500         60.000         69.000         63.000         66.000         66.000              ?
