ApsimVersion = 7.0
Title = Fiesta1997
    sowing_date     dd/mm/yyyy floral_initiation_das   maturity_das green_biomass_wt  FloretGreenWt          stage          cumvd  TTAfterSowing    swdef_photo    nfact_photo temp_stress_photo     irrigation    dlt_leaf_no    dlt_node_no  final_leaf_no  emergence_das    node_no_sen     node_no_fx       sw_dep()
          (doy)             ()                (days)         (days)          (g/m^2)        (g/m^2)             ()             ()    (deg. days)             ()             ()                ()           (mm)    (leaves/m2)          (/m2)             ()         (days)       (/plant)       (/plant)           (mm)
            100     12/07/1997                    45             93           868.23         218.71          7.000          2.029        936.551          1.000          1.000             1.000          0.000          0.000          0.000         24.730              5          6.938         10.000        527.720
