ApsimVersion = 7.2
Title = Lawes06P1Wet Final
    sowing_date     dd/mm/yyyy floral_initiation_das   maturity_das green_biomass_wt  FloretGreenWt  leaf_area_max          stage          cumvd  TTAfterSowing    swdef_photo    nfact_photo temp_stress_photo     irrigation    dlt_leaf_no    dlt_node_no  final_leaf_no  emergence_das    node_no_sen     node_no_fx       sw_dep()
             ()   (dd/mm/yyyy)                    ()             ()               ()             ()             ()             ()             ()             ()             ()             ()                ()           (mm)             ()             ()             ()             ()             ()             ()           (mm)
              ?     22/06/2006                     ?              ?                ?              ?              ?              ?              ?              ?              ?              ?                 ?          3.383              ?              ?              ?              ?              ?              ?        417.859
