ApsimVersion = 7.6
Title = Emerald_Exp02_Trt11 report_harvest
           Expt_name           year            day       yld/acre            das          openz           lint       bolls_sc        lai_max        nuptake     squarz_max
                  ()         (year)          (day)             ()         (days)         (1/m2)        (kg/ha)       (g/boll)        (m2/m2)        (kg/ha)         (1/m2)
 Emerald_Exp02_Trt11           1985             84        623.612            149         88.962         1559.0          4.493          2.248          171.8        127.331
