ApsimVersion = 7.8
Title = GAC_Exp02_Trt02 report_harvest
       Expt_name           year            day       yld/acre            das          openz           lint       bolls_sc        lai_max  nuptake_total     squarz_max
              ()         (year)          (day)             ()         (days)         (1/m2)        (kg/ha)       (g/boll)        (m2/m2)        (kg/ha)         (1/m2)
 GAC_Exp02_Trt02           1972            133        781.760            215        107.331         1954.4          4.669          3.683          126.1        126.388
