ApsimVersion = 7.8
Title = MyallVale_Exp11_Trt02 report_harvest
             Expt_name           year            day       yld/acre            das          openz           lint       bolls_sc        lai_max  nuptake_total     squarz_max
                    ()         (year)          (day)             ()         (days)         (1/m2)        (kg/ha)       (g/boll)        (m2/m2)        (kg/ha)         (1/m2)
 MyallVale_Exp11_Trt02           1990             91        671.963            174         96.737         1679.9          4.135          2.008          133.6        170.403
