ApsimVersion = 7.8
Title = MyallVale_Exp04_Trt16 report_harvest
             Expt_name           year            day       yld/acre            das          openz           lint       bolls_sc        lai_max  nuptake_total     squarz_max
                    ()         (year)          (day)             ()         (days)         (1/m2)        (kg/ha)       (g/boll)        (m2/m2)        (kg/ha)         (1/m2)
 MyallVale_Exp04_Trt16           1978             88        743.499            169         88.662         1858.7          5.375          2.685          123.4        114.952
