ApsimVersion = 7.8
Title = MyallVale_Exp06_Trt01 report_harvest
             Expt_name           year            day       yld/acre            das          openz           lint       bolls_sc        lai_max        nuptake     squarz_max
                    ()         (year)          (day)             ()         (days)         (1/m2)        (kg/ha)       (g/boll)        (m2/m2)        (kg/ha)         (1/m2)
 MyallVale_Exp06_Trt01           1984            136        667.507            224         90.287         1668.8          4.739          3.016           88.5        104.989
